// Jest Snapshot v1, https://goo.gl/fbAQLP

exports[`about tests first tests 1`] = `
<div>
  Alexander
</div>
`;
